#-----------------------------------------------------------
# Vivado v2023.1 (64-bit)
# SW Build 3865809 on Sun May  7 15:04:56 MDT 2023
# IP Build 3864474 on Sun May  7 20:36:21 MDT 2023
# SharedData Build 3865790 on Sun May 07 13:33:03 MDT 2023
# Start of session at: Wed Feb  5 18:53:45 2025
# Process ID: 38039
# Current directory: /home/students/Documents/Digital_Design_of_Floating_Point_Unit_Arithmetics/xilinx vivado files/xilinx vivado files.runs/synth_1
# Command line: vivado -log floating_point_addition.vds -product Vivado -mode batch -messageDb vivado.pb -notrace -source floating_point_addition.tcl
# Log file: /home/students/Documents/Digital_Design_of_Floating_Point_Unit_Arithmetics/xilinx vivado files/xilinx vivado files.runs/synth_1/floating_point_addition.vds
# Journal file: /home/students/Documents/Digital_Design_of_Floating_Point_Unit_Arithmetics/xilinx vivado files/xilinx vivado files.runs/synth_1/vivado.jou
# Running On: vlsi-01, OS: Linux, CPU Frequency: 4800.000 MHz, CPU Physical cores: 8, Host memory: 16585 MB
#-----------------------------------------------------------
source floating_point_addition.tcl -notrace
